#Expected Output
         =>Total Balanced Weight
S1,0,81915 =>163,838
S2,0,40957 =>81,918
S3,0,20479 =>40,958
S4,0,10239 =>20,478
S5,0,5111 =>10,238
S6,0,2553=>5118
S7,0,1273=>2558
S8,634,0 =>1278
S9,0,317 =>638
S10,0,156 =>318
S11,0,75 =>158
S12,32,0 =>78
S13,0,10 =>38
S14,0,3 =>18
S15,4,0 =>8