S1,0,184 =>382
S2,0,85 =>190
S3,0,46 =>94
S4,0,20 =>46
S5,0,5 =>22
S6,1,0 =>10
S7,2,0 =>4