S1,159,0 =>318
S2,73,0 =>158
S3,0,31 =>78
S4,0,11 =>38
S5,6,0 =>18